2026-02-18 23:33:53,259 INFO Iniciando sonda PQC con OpenSSL personalizado
2026-02-18 23:33:53,262 INFO Binario OpenSSL: /opt/openssl/bin/openssl
2026-02-18 23:33:53,263 INFO Límite de procesos OpenSSL: 12
2026-02-18 23:33:53,263 INFO Repeticiones por grupo: 3
2026-02-18 23:33:53,264 INFO Usando columna especificada: 1
2026-02-18 23:33:53,264 INFO Saltando fila de encabezados
2026-02-18 23:33:53,264 INFO Se han cargado 1 hostnames desde /app/resultados/localhost_test.csv
2026-02-18 23:33:53,265 INFO Grupos PQC a probar: Automático, X25519, X25519MLKEM768, x25519_kyber768, mlkem768, kyber768, p256_kyber768, SecP256r1MLKEM768, x25519_mlkem512, x25519_kyber512, frodo640aes, bikel1, x25519_bikel1, x25519_hqc128
2026-02-18 23:33:53,265 INFO Iniciando escaneo concurrente con 1 hilos...
2026-02-18 23:39:57,724 INFO Iniciando sonda PQC con OpenSSL personalizado
2026-02-18 23:39:57,724 INFO Binario OpenSSL: /opt/openssl/bin/openssl
2026-02-18 23:39:57,725 INFO Límite de procesos OpenSSL: 12
2026-02-18 23:39:57,725 INFO Repeticiones por grupo: 2
2026-02-18 23:39:57,725 INFO Usando columna especificada: 1
2026-02-18 23:39:57,725 INFO Saltando fila de encabezados
2026-02-18 23:39:57,726 INFO Se han cargado 1 hostnames desde /app/resultados/localhost_test.csv
2026-02-18 23:39:57,726 INFO Grupos PQC a probar: Automático, X25519, X25519MLKEM768, x25519_kyber768, mlkem768, kyber768, p256_kyber768, SecP256r1MLKEM768, x25519_mlkem512, x25519_kyber512, frodo640aes, bikel1, x25519_bikel1, x25519_hqc128
2026-02-18 23:39:57,726 INFO Iniciando escaneo concurrente con 1 hilos...
2026-02-18 23:42:18,573 WARNING Escaneo sin éxitos para localhost:4433 (0/14 pruebas exitosas)
2026-02-18 23:42:18,579 INFO Estadísticas por grupo exportadas a /app/resultados/resumen_por_grupo.csv
2026-02-18 23:42:18,580 INFO ======================================================================
2026-02-18 23:42:18,580 INFO Escaneo PQC completado
2026-02-18 23:42:18,580 INFO Tiempo total: 140.85 segundos
2026-02-18 23:42:18,580 INFO Hosts con al menos un éxito: 0/1 (0.00%)
2026-02-18 23:42:18,581 INFO Pruebas exitosas: 0/14 (0.00%)
2026-02-18 23:42:18,581 INFO Resultados guardados en /app/resultados/resultados_sonda_pqc.json
2026-02-18 23:42:18,581 INFO Resumen CSV guardado en /app/resultados/resumen_por_grupo.csv
2026-02-18 23:42:18,581 INFO ======================================================================
