2026-02-01 17:52:04,535 INFO Se han cargado 100 hostnames desde data/tranco.csv
2026-02-01 17:52:04,535 INFO Iniciando escaneo concurrente con 30 hilos...
2026-02-01 17:52:04,643 WARNING No se pudo resolver DNS para akadns.net
2026-02-01 17:52:04,648 WARNING No se pudo resolver DNS para gtld-servers.net
2026-02-01 17:52:04,646 WARNING No se pudo resolver DNS para windowsupdate.com
2026-02-01 17:52:04,663 WARNING [0/100] Escaneo fallido para akadns.net: No se pudo resolver DNS para akadns.net
2026-02-01 17:52:04,665 WARNING No se pudo resolver DNS para akamaiedge.net
2026-02-01 17:52:04,667 WARNING No se pudo resolver DNS para microsoftonline.com
2026-02-01 17:52:04,671 WARNING No se pudo resolver DNS para akamai.net
2026-02-01 17:52:04,675 INFO [0/100] Progreso
2026-02-01 17:52:04,691 WARNING [1/100] Escaneo fallido para gtld-servers.net: No se pudo resolver DNS para gtld-servers.net
2026-02-01 17:52:04,693 WARNING [2/100] Escaneo fallido para windowsupdate.com: No se pudo resolver DNS para windowsupdate.com
2026-02-01 17:52:04,696 WARNING [3/100] Escaneo fallido para akamaiedge.net: No se pudo resolver DNS para akamaiedge.net
2026-02-01 17:52:04,697 WARNING [4/100] Escaneo fallido para microsoftonline.com: No se pudo resolver DNS para microsoftonline.com
2026-02-01 17:52:04,697 WARNING [5/100] Escaneo fallido para akamai.net: No se pudo resolver DNS para akamai.net
2026-02-01 17:52:04,817 WARNING No se pudo resolver DNS para e2ro.com
2026-02-01 17:52:04,825 WARNING [6/100] Escaneo fallido para e2ro.com: No se pudo resolver DNS para e2ro.com
2026-02-01 17:52:08,417 WARNING Error de red para domaincontrol.com: Conexión rechazada por 127.0.0.1:443
2026-02-01 17:52:08,420 WARNING [7/100] Escaneo fallido para domaincontrol.com: Conexión rechazada por 127.0.0.1:443
2026-02-01 17:52:08,521 INFO [10/100] Progreso
2026-02-01 17:52:08,543 WARNING No se pudo resolver DNS para aaplimg.com
2026-02-01 17:52:08,569 INFO [20/100] Progreso
2026-02-01 17:52:08,587 WARNING No se pudo resolver DNS para office.net
2026-02-01 17:52:08,592 WARNING No se pudo resolver DNS para apple-dns.net
2026-02-01 17:52:08,593 WARNING Error de red para amazonaws.com: Conexión rechazada por 72.21.206.80:443
2026-02-01 17:52:08,596 WARNING No se pudo resolver DNS para akam.net
2026-02-01 17:52:08,615 WARNING No se pudo resolver DNS para trafficmanager.net
2026-02-01 17:52:08,621 WARNING [24/100] Escaneo fallido para aaplimg.com: No se pudo resolver DNS para aaplimg.com
2026-02-01 17:52:08,776 WARNING No se pudo resolver DNS para cloudfront.net
2026-02-01 17:52:08,803 WARNING No se pudo resolver DNS para tiktokcdn.com
2026-02-01 17:52:08,807 WARNING No se pudo resolver DNS para pv-cdn.net
2026-02-01 17:52:08,808 WARNING [29/100] Escaneo fallido para office.net: No se pudo resolver DNS para office.net
2026-02-01 17:52:08,819 WARNING [30/100] Escaneo fallido para apple-dns.net: No se pudo resolver DNS para apple-dns.net
2026-02-01 17:52:08,823 INFO [30/100] Progreso
2026-02-01 17:52:08,839 WARNING [31/100] Escaneo fallido para amazonaws.com: Conexión rechazada por 72.21.206.80:443
2026-02-01 17:52:08,842 WARNING [33/100] Escaneo fallido para akam.net: No se pudo resolver DNS para akam.net
2026-02-01 17:52:08,843 WARNING No se pudo resolver DNS para ax-msedge.net
2026-02-01 17:52:08,853 WARNING [36/100] Escaneo fallido para trafficmanager.net: No se pudo resolver DNS para trafficmanager.net
2026-02-01 17:52:08,853 WARNING [40/100] Escaneo fallido para cloudfront.net: No se pudo resolver DNS para cloudfront.net
2026-02-01 17:52:08,853 INFO [40/100] Progreso
2026-02-01 17:52:08,854 WARNING [41/100] Escaneo fallido para pv-cdn.net: No se pudo resolver DNS para pv-cdn.net
2026-02-01 17:52:08,854 WARNING [42/100] Escaneo fallido para tiktokcdn.com: No se pudo resolver DNS para tiktokcdn.com
2026-02-01 17:52:08,858 WARNING [43/100] Escaneo fallido para ax-msedge.net: No se pudo resolver DNS para ax-msedge.net
2026-02-01 17:52:08,867 WARNING No se pudo resolver DNS para gvt2.com
2026-02-01 17:52:08,874 WARNING [44/100] Escaneo fallido para gvt2.com: No se pudo resolver DNS para gvt2.com
2026-02-01 17:52:08,907 WARNING No se pudo resolver DNS para ytimg.com
2026-02-01 17:52:08,914 WARNING [47/100] Escaneo fallido para ytimg.com: No se pudo resolver DNS para ytimg.com
2026-02-01 17:52:08,923 WARNING No se pudo resolver DNS para t-msedge.net
2026-02-01 17:52:08,927 WARNING [48/100] Escaneo fallido para t-msedge.net: No se pudo resolver DNS para t-msedge.net
2026-02-01 17:52:08,937 WARNING No se pudo resolver DNS para gvt1.com
2026-02-01 17:52:08,953 WARNING [49/100] Escaneo fallido para gvt1.com: No se pudo resolver DNS para gvt1.com
2026-02-01 17:52:10,853 INFO [50/100] Progreso
2026-02-01 17:52:11,931 WARNING No se pudo resolver DNS para edgekey.net
2026-02-01 17:52:11,935 WARNING [56/100] Escaneo fallido para edgekey.net: No se pudo resolver DNS para edgekey.net
2026-02-01 17:52:12,296 INFO [60/100] Progreso
2026-02-01 17:52:12,319 WARNING No se pudo resolver DNS para edgesuite.net
2026-02-01 17:52:12,320 WARNING [62/100] Escaneo fallido para edgesuite.net: No se pudo resolver DNS para edgesuite.net
2026-02-01 17:52:12,328 WARNING No se pudo resolver DNS para root-servers.net
2026-02-01 17:52:12,334 WARNING [63/100] Escaneo fallido para root-servers.net: No se pudo resolver DNS para root-servers.net
2026-02-01 17:52:12,517 WARNING No se pudo resolver DNS para vedcdnlb.com
2026-02-01 17:52:12,520 WARNING [67/100] Escaneo fallido para vedcdnlb.com: No se pudo resolver DNS para vedcdnlb.com
2026-02-01 17:52:12,705 INFO [70/100] Progreso
2026-02-01 17:52:13,605 INFO [80/100] Progreso
2026-02-01 17:52:14,442 INFO [90/100] Progreso
2026-02-01 17:52:17,201 WARNING Error de red para ripn.net: Timeout conectando a 194.226.65.229:443 para ripn.net
2026-02-01 17:52:17,204 WARNING [99/100] Escaneo fallido para ripn.net: Timeout conectando a 194.226.65.229:443 para ripn.net
2026-02-01 17:52:17,241 INFO Listo. Escaneo completado: 73 exitosos, 27 fallidos (73.00% éxito)
2026-02-01 17:52:17,241 INFO Resultados guardados en resultados/resultados_sonda_base.json
